[    0.000000] Initializing cgroup subsys cpuset
[    0.000000] Initializing cgroup subsys cpu
[    0.000000] Initializing cgroup subsys cpuacct
[    0.000000] Linux version 4.4.0-130-generic (buildd@lgw01-amd64-039) (gcc version 5.4.0 20160609 (Ubuntu 5.4.0-6ubuntu1~16.04.9) ) #156-Ubuntu SMP Thu Jun 14 08:53:28 UTC 2018 (Ubuntu 4.4.0-130.156-generic 4.4.134)
[    0.000000] Command line: BOOT_IMAGE=/boot/vmlinuz-4.4.0-130-generic root=LABEL=cloudimg-rootfs ro console=tty1 console=ttyS0
[    0.000000] KERNEL supported cpus:
[    0.000000]   Intel GenuineIntel
[    0.000000]   AMD AuthenticAMD
[    0.000000]   Centaur CentaurHauls
[    0.000000] x86/fpu: xstate_offset[2]:  576, xstate_sizes[2]:  256
[    0.000000] x86/fpu: Supporting XSAVE feature 0x01: 'x87 floating point registers'
[    0.000000] x86/fpu: Supporting XSAVE feature 0x02: 'SSE registers'
[    0.000000] x86/fpu: Supporting XSAVE feature 0x04: 'AVX registers'
[    0.000000] x86/fpu: Enabled xstate features 0x7, context size is 832 bytes, using 'standard' format.
[    0.000000] x86/fpu: Using 'eager' FPU context switches.
[    0.000000] e820: BIOS-provided physical RAM map:
[    0.000000] BIOS-e820: [mem 0x0000000000000000-0x000000000009fbff] usable
[    0.000000] BIOS-e820: [mem 0x000000000009fc00-0x000000000009ffff] reserved
[    0.000000] BIOS-e820: [mem 0x00000000000f0000-0x00000000000fffff] reserved
[    0.000000] BIOS-e820: [mem 0x0000000000100000-0x000000007ffeffff] usable
[    0.000000] BIOS-e820: [mem 0x000000007fff0000-0x000000007fffffff] ACPI data
[    0.000000] BIOS-e820: [mem 0x00000000fec00000-0x00000000fec00fff] reserved
[    0.000000] BIOS-e820: [mem 0x00000000fee00000-0x00000000fee00fff] reserved
[    0.000000] BIOS-e820: [mem 0x00000000fffc0000-0x00000000ffffffff] reserved
[    0.000000] NX (Execute Disable) protection: active
[    0.000000] SMBIOS 2.5 present.
[    0.000000] Hypervisor detected: KVM
[    0.000000] e820: last_pfn = 0x7fff0 max_arch_pfn = 0x400000000
[    0.000000] MTRR: Disabled
[    0.000000] x86/PAT: MTRRs disabled, skipping PAT initialization too.
[    0.000000] CPU MTRRs all blank - virtualized system.
[    0.000000] x86/PAT: Configuration [0-7]: WB  WT  UC- UC  WB  WT  UC- UC  
[    0.000000] found SMP MP-table at [mem 0x0009fff0-0x0009ffff] mapped at [ffff88000009fff0]
[    0.000000] Scanning 1 areas for low memory corruption
[    0.000000] RAMDISK: [mem 0x36aa2000-0x37548fff]
[    0.000000] ACPI: Early table checksum verification disabled
[    0.000000] ACPI: RSDP00x00000000000E0000 000024 (v02 VBOX  )
[    0.000000] ACPI: XSDT 0x000000007FFF0030 00003C (v01 VBOX   VBOXXSDT 00000001 ASL  00000061)
[    0.000000] ACPI: FACP 0x000000007FFF00F0 0000F4 (v04 VBOX   VBOXFACP 00000001 ASL  00000061)
[    0.000000] ACPI: DSDT 0x000000007FFF0470 0021FF (v02 VBOX   VBOXBIOS 00000002 INTL 20100528)
[    0.000000] ACPI: FACS 0x000000007FFF0200 000040
[    0.000000] ACPI: FACS 0x000000007FFF0200 000040
[    0.000000] ACPI: APIC 0x000000007FFF0240 000054 (v02 VBOX   VBOXAPIC 00000001 ASL  00000061)
[    0.000000] ACPI: SSDT 0x000000007FFF02A0 0001CC (v01 VBOX   VBOXCPUT 00000002 INTL 20100528)
[    0.000000] No NUMA configuration found
[    0.000000] Faking a node at [mem 0x0000000000000000-0x000000007ffeffff]
[    0.000000] NODE_DATA(0) allocated [mem 0x7ffeb000-0x7ffeffff]
[    0.000000] kvm-clock: Using msrs 4b564d01 and 4b564d00
[    0.000000] kvm-clock: cpu 0, msr 0:7ffe3001, primary cpu clock
[    0.000000] kvm-clock: using sched offset of 7661772385 cycles
[    0.000000] clocksource: kvm-clock: mask: 0xffffffffffffffff max_cycles: 0x1cd42e4dffb, max_idle_ns: 881590591483 ns
[    0.000000] Zone ranges:
[    0.000000]   DMA      [mem 0x0000000000001000-0x0000000000ffffff]
[    0.000000]   DMA32    [mem 0x0000000001000000-0x000000007ffeffff]
[    0.000000]   Normal   empty
[    0.000000]   Device   empty
[    0.000000] Movable zone start for each node
[    0.000000] Early memory node ranges
[    0.000000]   node   0: [mem 0x0000000000001000-0x000000000009efff]
[    0.000000]   node   0: [mem 0x0000000000100000-0x000000007ffeffff]
[    0.000000] Initmem setup node 0 [mem 0x0000000000001000-0x000000007ffeffff]
[    0.000000] ACPI: PM-Timer IO Port: 0x4008
[    0.000000] IOAPIC[0]: apic_id 1, version 32, address 0xfec00000, GSI 0-23
[    0.000000] ACPI: INT_SRC_OVR (bus 0 bus_irq 0 global_irq 2 dfl dfl)
[    0.000000] ACPI: INT_SRC_OVR (bus 0 bus_irq 9 global_irq 9 low level)
[    0.000000] Using ACPI (MADT) for SMP configuration information
[    0.000000] smpboot: Allowing 1 CPUs, 0 hotplug CPUs
[    0.000000] PM: Registered nosave memory: [mem 0x00000000-0x00000fff]
[    0.000000] PM: Registered nosave memory: [mem 0x0009f000-0x0009ffff]
[    0.000000] PM: Registered nosave memory: [mem 0x000a0000-0x000effff]
[    0.000000] PM: Registered nosave memory: [mem 0x000f0000-0x000fffff]
[    0.000000] e820: [mem 0x80000000-0xfebfffff] available for PCI devices
[    0.000000] Booting paravirtualized kernel on KVM
[    0.000000] clocksource: refined-jiffies: mask: 0xffffffff max_cycles: 0xffffffff, max_idle_ns: 7645519600211568 ns
[    0.000000] setup_percpu: NR_CPUS:512 nr_cpumask_bits:512 nr_cpu_ids:1 nr_node_ids:1
[    0.000000] PERCPU: Embedded 34 pages/cpu @ffff88007fc00000 s99544 r8192 d31528 u2097152
[    0.000000] PV qspinlock hash table entries: 256 (order: 0, 4096 bytes)
[    0.000000] Built 1 zonelists in Node order, mobility grouping on.  Total pages: 515960
[    0.000000] Policy zone: DMA32
[    0.000000] Kernel command line: BOOT_IMAGE=/boot/vmlinuz-4.4.0-130-generic root=LABEL=cloudimg-rootfs ro console=tty1 console=ttyS0
[    0.000000] PID hash table entries: 4096 (order: 3, 32768 bytes)
[    0.000000] Memory: 2033936K/2096696K available (8546K kernel code, 1313K rwdata, 4000K rodata, 1516K init, 1316K bss, 62760K reserved, 0K cma-reserved)
[    0.000000] SLUB: HWalign=64, Order=0-3, MinObjects=0, CPUs=1, Nodes=1
[    0.000000] Kernel/User page tables isolation: enabled
[    0.000000] Hierarchical RCU implementation.
[    0.000000] 	Build-time adjustment of leaf fanout to 64.
[    0.000000] 	RCU restricting CPUs from NR_CPUS=512 to nr_cpu_ids=1.
[    0.000000] RCU: Adjusting geometry for rcu_fanout_leaf=64, nr_cpu_ids=1
[    0.000000] NR_IRQS:33024 nr_irqs:256 16
[    0.000000] Console: colour VGA+ 80x25
[    0.000000] console [tty1] enabled
[    0.000000] console [ttyS0] enabled
[    0.000000] tsc: Detected 3096.000 MHz processor
[    2.658101] Calibrating delay loop (skipped) preset value.. 6192.00 BogoMIPS (lpj=12384000)
[    2.761144] pid_max: default: 32768 minimum: 301
[    2.806971] ACPI: Core revision 20150930
[    2.843287] ACPI: 2 ACPI AML tables successfully acquired and loaded
[    2.860861] Security Framework initialized
[    2.884563] Yama: becoming mindful.
[    2.906006] AppArmor: AppArmor initialized
[    2.925634] Dentry cache hash table entries: 262144 (order: 9, 2097152 bytes)
[    2.937095] Inode-cache hash table entries: 131072 (order: 8, 1048576 bytes)
[    2.975516] Mount-cache hash table entries: 4096 (order: 3, 32768 bytes)
[    3.030854] Mountpoint-cache hash table entries: 4096 (order: 3, 32768 bytes)
[    3.043828] Initializing cgroup subsys io
[    3.056819] Initializing cgroup subsys memory
[    3.074803] Initializing cgroup subsys devices
[    3.113144] Initializing cgroup subsys freezer
[    3.125697] Initializing cgroup subsys net_cls
[    3.178334] Initializing cgroup subsys perf_event
[    3.179684] Initializing cgroup subsys net_prio
[    3.212567] Initializing cgroup subsys hugetlb
[    3.226219] Initializing cgroup subsys pids
[    3.229651] CPU: Physical Processor ID: 0
[    3.253092] mce: CPU supports 0 MCE banks
[    3.275470] process: using mwait in idle threads
[    3.288788] Last level iTLB entries: 4KB 64, 2MB 8, 4MB 8
[    3.327270] Last level dTLB entries: 4KB 64, 2MB 0, 4MB 0, 1GB 4
[    3.343726] Spectre V2 : Mitigation: Full generic retpoline
[    3.365478] Spectre V2 : Speculation control IBPB not-supported IBRS not-supported
[    3.390424] Spectre V2 : Filling RSB on context switch
[    3.462656] Speculative Store Bypass: Vulnerable
[    3.490312] Freeing SMP alternatives memory: 32K
[    3.537938] ftrace: allocating 32245 entries in 126 pages
[    3.622107] smpboot: APIC(0) Converting physical 0 to logical package 0
[    3.715232] smpboot: Max logical packages: 1
[    3.742166] x2apic enabled
[    3.749982] Switched APIC routing to physical x2apic.
[    3.781043] ..TIMER: vector=0x30 apic1=0 pin1=2 apic2=-1 pin2=-1
[    3.912688] smpboot: CPU0: Intel(R) Core(TM) i5-7267U CPU @ 3.10GHz (family: 0x6, model: 0x8e, stepping: 0x9)
[    3.990431] Performance Events: unsupported p6 CPU model 142 no PMU driver, software events only.
[    4.015623] KVM setup paravirtual spinlock
[    4.032075] x86: Booted up 1 node, 1 CPUs
[    4.046345] smpboot: Total of 1 processors activated (6192.00 BogoMIPS)
[    4.060929] devtmpfs: initialized
[    4.075360] evm: security.selinux
[    4.096744] evm: security.SMACK64
[    4.136455] evm: security.SMACK64EXEC
[    4.157778] evm: security.SMACK64TRANSMUTE
[    4.174688] evm: security.SMACK64MMAP
[    4.182677] evm: security.ima
[    4.194436] evm: security.capability
[    4.223957] clocksource: jiffies: mask: 0xffffffff max_cycles: 0xffffffff, max_idle_ns: 7645041785100000 ns
[    4.261763] futex hash table entries: 256 (order: 2, 16384 bytes)
[    4.276208] pinctrl core: initialized pinctrl subsystem
[    4.345268] RTC time: 12:00:32, date: 07/13/18
[    4.369226] NET: Registered protocol family 16
[    4.407695] cpuidle: using governor ladder
[    4.476775] cpuidle: using governor menu
[    4.524643] PCCT header not found.
[    4.563364] ACPI: bus type PCI registered
[    4.608749] acpiphp: ACPI Hot Plug PCI Controller Driver version: 0.5
[    4.698766] PCI: Using configuration type 1 for base access
[    4.767018] ACPI: Added _OSI(Module Device)
[    4.812813] ACPI: Added _OSI(Processor Device)
[    4.829214] ACPI: Added _OSI(3.0 _SCP Extensions)
[    4.890441] ACPI: Added _OSI(Processor Aggregator Device)
[    4.925488] ACPI: Executed 1 blocks of module-level executable AML code
[    4.995426] ACPI: Interpreter enabled
[    5.016853] ACPI: (supports S0 S5)
[    5.035115] ACPI: Using IOAPIC for interrupt routing
[    5.049472] PCI: Using host bridge windows from ACPI; if necessary, use "pci=nocrs" and report a bug
[    5.121512] ACPI: PCI Root Bridge [PCI0] (domain 0000 [bus 00-ff])
[    5.144289] acpi PNP0A03:00: _OSC: OS supports [ASPM ClockPM Segments MSI]
[    5.183182] acpi PNP0A03:00: _OSC: not requesting OS control; OS requires [ExtendedConfig ASPM ClockPM MSI]
[    5.229253] acpi PNP0A03:00: fail to add MMCONFIG information, can't access extended PCI configuration space under this bridge.
[    5.283657] PCI host bridge to bus 0000:00
[    5.309878] pci_bus 0000:00: root bus resource [io  0x0000-0x0cf7 window]
[    5.348999] pci_bus 0000:00: root bus resource [io  0x0d00-0xffff window]
[    5.381992] pci_bus 0000:00: root bus resource [mem 0x000a0000-0x000bffff window]
[    5.430745] pci_bus 0000:00: root bus resource [mem 0x80000000-0xfdffffff window]
[    5.442397] pci_bus 0000:00: root bus resource [bus 00-ff]
[    5.497067] pci 0000:00:01.1: legacy IDE quirk: reg 0x10: [io  0x01f0-0x01f7]
[    5.549042] pci 0000:00:01.1: legacy IDE quirk: reg 0x14: [io  0x03f6]
[    5.564862] pci 0000:00:01.1: legacy IDE quirk: reg 0x18: [io  0x0170-0x0177]
[    5.615999] pci 0000:00:01.1: legacy IDE quirk: reg 0x1c: [io  0x0376]
[    5.687830] pci 0000:00:07.0: quirk: [io  0x4000-0x403f] claimed by PIIX4 ACPI
[    5.749140] pci 0000:00:07.0: quirk: [io  0x4100-0x410f] claimed by PIIX4 SMB
[    5.811468] ACPI: PCI Interrupt Link [LNKA] (IRQs 5 9 10 *11)
[    5.839579] ACPI: PCI Interrupt Link [LNKB] (IRQs 5 9 *10 11)
[    5.866947] ACPI: PCI Interrupt Link [LNKC] (IRQs 5 *9 10 11)
[    5.889385] ACPI: PCI Interrupt Link [LNKD] (IRQs 5 9 10 *11)
[    5.927175] ACPI: Enabled 2 GPEs in block 00 to 07
[    5.969249] vgaarb: setting as boot device: PCI:0000:00:02.0
[    5.989868] vgaarb: device added: PCI:0000:00:02.0,decodes=io+mem,owns=io+mem,locks=none
[    6.013960] vgaarb: loaded
[    6.040823] vgaarb: bridge control possible 0000:00:02.0
[    6.049964] SCSI subsystem initialized
[    6.059487] ACPI: bus type USB registered
[    6.079331] usbcore: registered new interface driver usbfs
[    6.119690] usbcore: registered new interface driver hub
[    6.138619] usbcore: registered new device driver usb
[    6.217666] PCI: Using ACPI for IRQ routing
[    6.237558] NetLabel: Initializing
[    6.247315] NetLabel:  domain hash size = 128
[    6.284383] NetLabel:  protocols = UNLABELED CIPSOv4
[    6.297460] NetLabel:  unlabeled traffic allowed by default
[    6.336375] amd_nb: Cannot enumerate AMD northbridges
[    6.379256] clocksource: Switched to clocksource kvm-clock
[    6.420336] AppArmor: AppArmor Filesystem Enabled
[    6.432379] pnp: PnP ACPI init
[    6.452462] pnp: PnP ACPI: found 3 devices
[    6.464086] clocksource: acpi_pm: mask: 0xffffff max_cycles: 0xffffff, max_idle_ns: 2085701024 ns
[    6.516354] NET: Registered protocol family 2
[    6.541344] TCP established hash table entries: 16384 (order: 5, 131072 bytes)
[    6.566145] TCP bind hash table entries: 16384 (order: 6, 262144 bytes)
[    6.580232] TCP: Hash tables configured (established 16384 bind 16384)
[    6.601785] UDP hash table entries: 1024 (order: 3, 32768 bytes)
[    6.636125] UDP-Lite hash table entries: 1024 (order: 3, 32768 bytes)
[    6.669638] NET: Registered protocol family 1
[    6.686158] pci 0000:00:00.0: Limiting direct PCI/PCI transfers
[    6.718564] pci 0000:00:01.0: Activating ISA DMA hang workarounds
[    6.732681] Unpacking initramfs...
[    9.728699] Freeing initrd memory: 10908K
[    9.746616] platform rtc_cmos: registered platform RTC device (no PNP device found)
[    9.785100] Scanning for low memory corruption every 60 seconds
[    9.814168] audit: initializing netlink subsys (disabled)
[    9.837565] audit: type=2000 audit(1531483241.048:1): initialized
[    9.866742] Initialise system trusted keyring
[    9.869931] HugeTLB registered 2 MB page size, pre-allocated 0 pages
[    9.892226] zbud: loaded
[    9.895528] VFS: Disk quotas dquot_6.6.0
[    9.906644] VFS: Dquot-cache hash table entries: 512 (order 0, 4096 bytes)
[    9.922755] squashfs: version 4.0 (2009/01/31) Phillip Lougher
[    9.937802] fuse init (API version 7.23)
[    9.949677] Key type big_key registered
[    9.958364] Allocating IMA MOK and blacklist keyrings.
[    9.990455] Key type asymmetric registered
[   10.017972] Asymmetric key parser 'x509' registered
[   10.031516] Block layer SCSI generic (bsg) driver version 0.4 loaded (major 249)
[   10.087904] io scheduler noop registered
[   10.149339] io scheduler deadline registered (default)
[   10.180825] io scheduler cfq registered
[   10.211135] pci_hotplug: PCI Hot Plug PCI Core version: 0.5
[   10.247033] pciehp: PCI Express Hot Plug Controller Driver version: 0.4
[   10.266628] ACPI: AC Adapter [AC] (on-line)
[   10.285523] input: Power Button as /devices/LNXSYSTM:00/LNXPWRBN:00/input/input0
[   10.308991] ACPI: Power Button [PWRF]
[   10.317629] input: Sleep Button as /devices/LNXSYSTM:00/LNXSLPBN:00/input/input1
[   10.329483] ACPI: Sleep Button [SLPF]
[   10.333645] ACPI: Battery Slot [BAT0] (battery present)
[   10.359323] GHES: HEST is not enabled!
[   10.368347] Serial: 8250/16550 driver, 32 ports, IRQ sharing enabled
[   10.400781] 00:02: ttyS0 at I/O 0x3f8 (irq = 4, base_baud = 115200) is a 16550A
[   10.423828] Linux agpgart interface v0.103
[   10.477190] loop: module loaded
[   10.483301] scsi host0: ata_piix
[   10.500083] scsi host1: ata_piix
[   10.501288] ata1: PATA max UDMA/33 cmd 0x1f0 ctl 0x3f6 bmdma 0xd000 irq 14
[   10.557969] ata2: PATA max UDMA/33 cmd 0x170 ctl 0x376 bmdma 0xd008 irq 15
[   10.582447] libphy: Fixed MDIO Bus: probed
[   10.594316] tun: Universal TUN/TAP device driver, 1.6
[   10.618180] tun: (C) 1999-2004 Max Krasnyansky <maxk@qualcomm.com>
[   10.630798] PPP generic driver version 2.4.2
[   10.636428] ehci_hcd: USB 2.0 'Enhanced' Host Controller (EHCI) Driver
[   10.659030] ehci-pci: EHCI PCI platform driver
[   10.662918] ehci-platform: EHCI generic platform driver
[   10.673515] ohci_hcd: USB 1.1 'Open' Host Controller (OHCI) Driver
[   10.689223] ohci-pci: OHCI PCI platform driver
[   10.697731] ohci-platform: OHCI generic platform driver
[   10.706202] uhci_hcd: USB Universal Host Controller Interface driver
[   10.733055] i8042: PNP: PS/2 Controller [PNP0303:PS2K,PNP0f03:PS2M] at 0x60,0x64 irq 1,12
[   10.769293] tsc: Refined TSC clocksource calibration: 3095.999 MHz
[   10.794738] clocksource: tsc: mask: 0xffffffffffffffff max_cycles: 0x2ca0846bcce, max_idle_ns: 440795348689 ns
[   10.801724] serio: i8042 KBD port at 0x60,0x64 irq 1
[   10.822224] serio: i8042 AUX port at 0x60,0x64 irq 12
[   10.839721] mousedev: PS/2 mouse device common for all mice
[   10.854731] input: AT Translated Set 2 keyboard as /devices/platform/i8042/serio0/input/input2
[   10.918655] rtc_cmos rtc_cmos: rtc core: registered rtc_cmos as rtc0
[   10.961476] rtc_cmos rtc_cmos: alarms up to one day, 114 bytes nvram
[   11.005891] i2c /dev entries driver
[   11.022192] device-mapper: uevent: version 1.0.3
[   11.040101] device-mapper: ioctl: 4.34.0-ioctl (2015-10-28) initialised: dm-devel@redhat.com
[   11.077943] ledtrig-cpu: registered to indicate activity on CPUs
[   11.102366] NET: Registered protocol family 10
[   11.110410] NET: Registered protocol family 17
[   11.137221] Key type dns_resolver registered
[   11.141319] registered taskstats version 1
[   11.174729] Loading compiled-in X.509 certificates
[   11.211839] Loaded X.509 cert 'Build time autogenerated kernel key: b3e0fe4bcd6378c38a2c0a4648abbc1fa5043a22'
[   11.256137] zswap: loaded using pool lzo/zbud
[   11.276090] Key type trusted registered
[   11.299642] Key type encrypted registered
[   11.331351] AppArmor: AppArmor sha1 policy hashing enabled
[   11.372155] ima: No TPM chip found, activating TPM-bypass!
[   11.393489] ima: Allocated hash algorithm: sha1
[   11.423909] evm: HMAC attrs: 0x1
[   11.432410]   Magic number: 10:216:26
[   11.438773] rtc_cmos rtc_cmos: setting system clock to 2018-07-13 12:00:39 UTC (1531483239)
[   11.466873] BIOS EDD facility v0.16 2004-Jun-25, 0 devices found
[   11.499775] EDD information not available.
[   11.532655] Freeing unused kernel memory: 1516K
[   11.575523] Write protecting the kernel read-only data: 14336k
[   11.598951] Freeing unused kernel memory: 1680K
[   11.605350] Freeing unused kernel memory: 96K
Loading, please wait...
starting version[   11.625468] random: udevadm: uninitialized urandom read (16 bytes read, 5 bits of entropy available)
 229
[   11.716566] random: systemd-udevd: uninitialized urandom read (16 bytes read, 5 bits of entropy available)
[   11.729410] random: systemd-udevd: uninitialized urandom read (16 bytes read, 5 bits of entropy available)
[   11.769134] random: systemd-udevd: uninitialized urandom read (16 bytes read, 5 bits of entropy available)
[   11.795722] random: systemd-udevd: uninitialized urandom read (16 bytes read, 5 bits of entropy available)
[   11.818961] random: udevadm: uninitialized urandom read (16 bytes read, 5 bits of entropy available)
[   11.868372] random: systemd-udevd: uninitialized urandom read (16 bytes read, 5 bits of entropy available)
[   11.922326] random: udevadm: uninitialized urandom read (16 bytes read, 5 bits of entropy available)
[   11.972731] random: systemd-udevd: uninitialized urandom read (16 bytes read, 5 bits of entropy available)
[   12.018371] random: udevadm: uninitialized urandom read (16 bytes read, 5 bits of entropy available)
[   12.212105] Fusion MPT base driver 3.04.20
[   12.224530] Copyright (c) 1999-2008 LSI Corporation
[   12.238095] e1000: Intel(R) PRO/1000 Network Driver - version 7.3.21-k8-NAPI
[   12.269358] e1000: Copyright (c) 1999-2006 Intel Corporation.
[   12.345608] AVX2 version of gcm_enc/dec engaged.
[   12.354263] AES CTR mode by8 optimization enabled
[   12.402441] Fusion MPT SPI Host driver 3.04.20
[   12.434043] mptbase: ioc0: Initiating bringup
[   12.508996] input: ImExPS/2 Generic Explorer Mouse as /devices/platform/i8042/serio1/input/input4
[   12.548090] ioc0: LSI53C1030 A0: Capabilities={Initiator}
[   12.773425] scsi host2: ioc0: LSI53C1030 A0, FwRev=00000000h, Ports=1, MaxQ=256, IRQ=20
[   12.905537] scsi 2:0:0:0: Direct-Access     VBOX     HARDDISK         1.0  PQ: 0 ANSI: 5
[   12.926606] scsi target2:0:0: Beginning Domain Validation
[   13.027756] scsi target2:0:0: Domain Validation skipping write tests
[   13.077345] scsi target2:0:0: Ending Domain Validation
[   13.155983] scsi target2:0:0: asynchronous
[   13.305627] scsi 2:0:1:0: Direct-Access     VBOX     HARDDISK         1.0  PQ: 0 ANSI: 5
[   13.444681] scsi target2:0:1: Beginning Domain Validation
[   13.698360] scsi target2:0:1: Domain Validation skipping write tests
[   13.719997] scsi target2:0:1: Ending Domain Validation
[   13.740005] scsi target2:0:1: asynchronous
[   13.787773] sd 2:0:0:0: Attached scsi generic sg0 type 0
[   13.863466] sd 2:0:0:0: [sda] 20971520 512-byte logical blocks: (10.7 GB/10.0 GiB)
[   13.926668] e1000 0000:00:03.0 eth0: (PCI:33MHz:32-bit) 02:97:71:8a:f0:d8
[   13.936495] e1000 0000:00:03.0 eth0: Intel(R) PRO/1000 Network Connection
[   13.957240] sd 2:0:0:0: [sda] Write Protect is off
[   13.966438] sd 2:0:0:0: [sda] Incomplete mode parameter data
[   13.997722] sd 2:0:0:0: [sda] Assuming drive cache: write through
[   14.049433] sd 2:0:1:0: [sdb] 20480 512-byte logical blocks: (10.5 MB/10.0 MiB)
[   14.072572] sd 2:0:1:0: Attached scsi generic sg1 type 0
[   14.108510] sd 2:0:1:0: [sdb] Write Protect is off
[   14.150563] sd 2:0:1:0: [sdb] Incomplete mode parameter data
[   14.175788] sd 2:0:1:0: [sdb] Assuming drive cache: write through
[   14.258585]  sda: sda1
[   14.285761] sd 2:0:1:0: [sdb] Attached SCSI disk
[   14.336058] sd 2:0:0:0: [sda] Attached SCSI disk
[   14.711563] e1000 0000:00:08.0 eth1: (PCI:33MHz:32-bit) 08:00:27:bc:7c:c2
[   14.729387] e1000 0000:00:08.0 eth1: Intel(R) PRO/1000 Network Connection
[   15.380173] e1000 0000:00:09.0 eth2: (PCI:33MHz:32-bit) 08:00:27:41:86:bb
[   15.385115] e1000 0000:00:09.0 eth2: Intel(R) PRO/1000 Network Connection
[   15.420787] e1000 0000:00:03.0 enp0s3: renamed from eth0
[   15.440972] e1000 0000:00:09.0 enp0s9: renamed from eth2
[   15.443435] e1000 0000:00:08.0 enp0s8: renamed from eth1
Begin: Loading essential drivers ... [   16.863526] md: linear personality registered for level -1
[   16.918022] md: multipath personality registered for level -4
[   16.950963] md: raid0 personality registered for level 0
[   16.986360] md: raid1 personality registered for level 1
[   17.072068] raid6: sse2x1   gen()  6609 MB/s
[   17.155599] raid6: sse2x1   xor()  6293 MB/s
[   17.255425] raid6: sse2x2   gen() 10856 MB/s
[   17.335427] raid6: sse2x2   xor()  6375 MB/s
[   17.411562] raid6: sse2x4   gen()  3135 MB/s
[   17.496583] raid6: sse2x4   xor()  3735 MB/s
[   17.611632] raid6: avx2x1   gen()  6733 MB/s
[   17.691311] raid6: avx2x2   gen()  6968 MB/s
[   17.775452] raid6: avx2x4   gen() 10457 MB/s
[   17.783354] raid6: using algorithm sse2x2 gen() 10856 MB/s
[   17.787267] raid6: .... xor() 6375 MB/s, rmw enabled
[   17.797064] raid6: using avx2x2 recovery algorithm
[   17.815576] xor: automatically using best checksumming function:
[   17.879432]    avx       : 20158.000 MB/sec
[   17.946244] async_tx: api initialized (async)
[   18.020955] md: raid6 personality registered for level 6
[   18.049565] md: raid5 personality registered for level 5
[   18.053957] md: raid4 personality registered for level 4
[   18.075975] md: raid10 personality registered for level 10
done.
Begin: Running /scripts/init-premount ... done.
Begin: Mounting root file system ... Begin: Running /scripts/local-top ... done.
Begin: Running /scripts/local-premount ... [   18.138811] Btrfs loaded
Scanning for Btrfs filesystems
done.
Warning: fsck not present, so sk[   18.290469] EXT4-fs (sda1): mounted filesystem with ordered data mode. Opts: (null)
ipping root file system
done.
Begin: Running /scripts/local-bottom ... done.
Begin: Running /scripts/init-bottom ... done.
[   18.718699] random: nonblocking pool is initialized
[   19.306881] systemd[1]: systemd 229 running in system mode. (+PAM +AUDIT +SELINUX +IMA +APPARMOR +SMACK +SYSVINIT +UTMP +LIBCRYPTSETUP +GCRYPT +GNUTLS +ACL +XZ -LZ4 +SECCOMP +BLKID +ELFUTILS +KMOD -IDN)
[   19.550452] systemd[1]: Detected virtualization oracle.
[   19.575368] systemd[1]: Detected architecture x86-64.

Welcome to [1mUbuntu 16.04.4 LTS[0m!

[   19.626850] systemd[1]: Set hostname to <dynatrace-easytravel-docker>.
[   20.325167] systemd[1]: Started Forward Password Requests to Wall Directory Watch.
[[0;32m  OK  [0m] Started Forward Password Requests to Wall Directory Watch.
[   20.415936] systemd[1]: Listening on LVM2 poll daemon socket.
[[0;32m  OK  [0m] Listening on LVM2 poll daemon socket.
[   20.476342] systemd[1]: Listening on Journal Socket (/dev/log).
[[0;32m  OK  [0m] Listening on Journal Socket (/dev/log).
[   20.527735] systemd[1]: Listening on udev Kernel Socket.
[[0;32m  OK  [0m] Listening on udev Kernel Socket.
[   20.547689] systemd[1]: Reached target System Time Synchronized.
[[0;32m  OK  [0m] Reached target System Time Synchronized.
[   20.604541] systemd[1]: Created slice User and Session Slice.
[[0;32m  OK  [0m] Created slice User and Session Slice.
[   20.651141] systemd[1]: Listening on udev Control Socket.
[[0;32m  OK  [0m] Listening on udev Control Socket.
[   20.684167] systemd[1]: Listening on Journal Socket.
[[0;32m  OK  [0m] Listening on Journal Socket.
[   20.706396] systemd[1]: Listening on Journal Audit Socket.
[[0;32m  OK  [0m] Listening on Journal Audit Socket.
[   20.728843] systemd[1]: Listening on /dev/initctl Compatibility Named Pipe.
[[0;32m  OK  [0m] Listening on /dev/initctl Compatibility Named Pipe.
[   20.751281] systemd[1]: Listening on Device-mapper event daemon FIFOs.
[[0;32m  OK  [0m] Listening on Device-mapper event daemon FIFOs.
[   20.808220] systemd[1]: Reached target User and Group Name Lookups.
[[0;32m  OK  [0m] Reached target User and Group Name Lookups.
[   20.855795] systemd[1]: Listening on LVM2 metadata daemon socket.
[[0;32m  OK  [0m] Listening on LVM2 metadata daemon socket.
[   20.898750] systemd[1]: Listening on Syslog Socket.
[[0;32m  OK  [0m] Listening on Syslog Socket.
[   20.937129] systemd[1]: Started Trigger resolvconf update for networkd DNS.
[[0;32m  OK  [0m] Started Trigger resolvconf update for networkd DNS.
[   20.990943] systemd[1]: Reached target Encrypted Volumes.
[[0;32m  OK  [0m] Reached target Encrypted Volumes.
[   21.049815] systemd[1]: Created slice System Slice.
[[0;32m  OK  [0m] Created slice System Slice.
[   21.075028] systemd[1]: Starting Uncomplicated firewall...
         Starting Uncomplicated firewall...
[   21.134224] systemd[1]: Created slice system-serial\x2dgetty.slice.
[[0;32m  OK  [0m] Created slice system-serial\x2dgetty.slice.
[   21.180801] systemd[1]: Starting Journal Service...
         Starting Journal Service...
[   21.195924] systemd[1]: Reached target Slices.
[[0;32m  OK  [0m] Reached target Slices.
[   21.246786] systemd[1]: Starting Nameserver information manager...
         Starting Nameserver information manager...
[   21.308325] systemd[1]: Starting Load Kernel Modules...
         Starting Load Kernel Modules...
[   21.357413] systemd[1]: Starting Create list of required static device nodes for the current kernel...
         Starting Create list of required st... nodes for the current ker[   21.428790] Loading iSCSI transport class v2.0-870.
nel...
[   21.482394] systemd[1]: Mounting POSIX Message Queue File System...
         Mounting POSIX Message Queue File System...
[   21.579654] iscsi: registered transport (tcp)
[   21.634603] systemd[1]: Starting Set console keymap...
         Starting Set console keymap...
[   21.668662] systemd[1]: Mounting Debug File System...
         Mounting Debug File System...
[   21.696068] systemd[1]: Reached target Swap.
[[0;32m  OK  [0m] Reached target Swap.
[   21.780403] systemd[1]: Starting Remount Root and Kernel File Systems...
         Starting Remount[   21.823411] EXT4-fs (sda1): re-mounted. Opts: (null)
 Root and Kernel File Systems...
[   21.900616] systemd[1]: Starting Monitoring of LVM2 mirrors, snapshots etc. using dmeventd or progress polling...
         Starting Monitor[   22.026367] iscsi: registered transport (iser)
ing of LVM2 mirrors... dmeventd or progress polling...
[   22.048567] systemd[1]: Mounting Huge Pages File System...
         Mounting Huge Pages File System...
[   22.124412] systemd[1]: Set up automount Arbitrary Executable File Formats File System Automount Point.
[[0;32m  OK  [0m] Set up automount Arbitrary Executab...ats File System Automount Point.
[   22.302740] systemd[1]: Mounted Debug File System.
[[0;32m  OK  [0m] Mounted Debug File System.
[   22.387933] systemd[1]: Mounted Huge Pages File System.
[[0;32m  OK  [0m] Mounted Huge Pages File System.
[   22.437425] systemd[1]: Mounted POSIX Message Queue File System.
[[0;32m  OK  [0m] Mounted POSIX Message Queue File System.
[   22.500347] systemd[1]: Started Journal Service.
[[0;32m  OK  [0m] Started Journal Service.
[[0;32m  OK  [0m] Started Uncomplicated firewall.
[[0;32m  OK  [0m] Started Load Kernel Modules.
[[0;32m  OK  [0m] Started Create list of required sta...ce nodes for the current kernel.
[[0;32m  OK  [0m] Started Set console keymap.
[[0;32m  OK  [0m] Started Remount Root and Kernel File Systems.
[[0;32m  OK  [0m] Started Nameserver information manager.
[[0;32m  OK  [0m] Started LVM2 metadata daemon.
         Starting udev Coldplug all Devices...
         Starting Load/Save Random Seed...
         Starting Create Static Device Nodes in /dev...
         Mounting FUSE Control File System...
         Starting Apply Kernel Variables...
         Starting Flush Journal to Persistent Storage...
[[0;32m  OK  [0m] Mounted FUSE Control File System.
[[0;32m  OK  [0m] Started Load/Save Random Seed.
[[0;32m  OK  [0m] Started Create Static Device Nodes in /dev.
[[0;32m  OK  [0m] Started Apply Kernel Variables.
[[0;32m  OK  [0m] Started udev Coldplug all Devices.
[[0;32m  OK  [0m] Started Monitoring of LVM2 mirrors,...ng dmeventd or progress polling.
         Starting udev Kernel Device Manager...
[[0;32m  OK  [0m] Started Flush Journal to Persistent Storage.
[[0;32m  OK  [0m] Started udev Kernel Device Manager.
[[0;32m  OK  [0m] Reached target Local File Systems (Pre).
[[0;32m  OK  [0m] Reached target Local File Systems.
         Starting Tell Plymouth To Write Out Runtime Data...
         Starting Set console font and keymap...
         Starting LSB: AppArmor initialization...
         Starting Initial cloud-init job (pre-networking)...
         Starting Create Volatile Files and Directories...
[[0;32m  OK  [0m] Started Dispatch Password Requests to Console Directory Watch.
[[0;32m  OK  [0m] Started Tell Plymouth To Write Out Runtime Data.
[[0;32m  OK  [0m] Started Create Volatile Files and Directories.
         Starting Update UTMP about System Boot/Shutdown...
[[0;32m  OK  [0m] Started Update UTMP about System Boot/Shutdown.
[[0;32m  OK  [0m] Found device /dev/ttyS0.
[[0;32m  OK  [0m] Found device 82540EM Gigabit Ethern...r (PRO/1000 MT Desktop Adapter).
[[0;32m  OK  [0m] Started LSB: AppArmor initialization.
[[0;32m  OK  [0m] Found device 82540EM Gigabit Ethern...r (PRO/1000 MT Desktop Adapter).
[[0;32m  OK  [0m] Started Set console font and keymap.
[[0;32m  OK  [0m] Created slice system-getty.slice.
[[0;32m  OK  [0m] Found device 82540EM Gigabit Ethern...r (PRO/1000 MT Desktop Adapter).
[[0;32m  OK  [0m] Listening on Load/Save RF Kill Switch Status /dev/rfkill Watch.
[   21.669028] cloud-init[493]: Cloud-init v. 18.2 running 'init-local' at Fri, 13 Jul 2018 12:00:54 +0000. Up 21.09 seconds.
[[0;32m  OK  [0m] Started Initial cloud-init job (pre-networking).
[[0;32m  OK  [0m] Reached target Network (Pre).
[[0;32m  OK  [0m] Started ifup for enp0s9.
[[0;32m  OK  [0m] Started ifup for enp0s8.
         Starting Raise network interfaces...
[[0;32m  OK  [0m] Started ifup for enp0s3.
[[0;32m  OK  [0m] Started Raise network interfaces.
[[0;32m  OK  [0m] Reached target Network.
         Starting Initial cloud-init job (metadata service crawler)...
[   24.706830] cloud-init[1243]: Cloud-init v. 18.2 running 'init' at Fri, 13 Jul 2018 12:00:57 +0000. Up 23.93 seconds.
[   24.843494] cloud-init[1243]: ci-info: ++++++++++++++++++++++++++++++++++++++Net device info++++++++++++++++++++++++++++++++++++++
[[0;32m  OK  [0m[   24.988808] cloud-init[1243]: ci-info: +--------+------+-----------------------------+---------------+-------+-------------------+
[   24.988990] cloud-init[1243]: ci-info: | Device |  Up  |           Address           |      Mask     | Scope |     Hw-Address    |
[   24.989163] cloud-init[1243]: ci-info: +--------+------+-----------------------------+---------------+-------+-------------------+
[   24.989330] cloud-init[1243]: ci-info: | enp0s3 | True |          10.0.2.15          | 255.255.255.0 |   .   | 02:97:71:8a:f0:d8 |
[   24.989490] cloud-init[1243]: ci-info: | enp0s3 | True |  fe80::97:71ff:fe8a:f0d8/64 |       .       |  link | 02:97:71:8a:f0:d8 |
[   24.989728] cloud-init[1243]: ci-info: | enp0s8 | True |         10.10.10.10         | 255.255.255.0 |   .   | 08:00:27:bc:7c:c2 |
[   24.990082] cloud-init[1243]: ci-info: | enp0s8 | True | fe80::a00:27ff:febc:7cc2/64 |       .       |  link | 08:00:27:bc:7c:c2 |
[   24.990237] cloud-init[1243]: ci-info: | enp0s9 | True |         192.168.1.24        | 255.255.255.0 |   .   | 08:00:27:41:86:bb |
[   24.990620] cloud-init[1243]: ci-info: | enp0s9 | True | fe80::a00:27ff:fe41:86bb/64 |       .       |  link | 08:00:27:41:86:bb |
[   24.990848] cloud-init[1243]: ci-info: |   lo   | True |          127.0.0.1          |   255.0.0.0   |   .   |         .         |
[   24.991067] cloud-init[1243]: ci-info: |   lo   | True |           ::1/128           |       .       |  host |         .         |
[   24.991202] cloud-init[1243]: ci-info: +--------+------+-----------------------------+---------------+-------+-------------------+
[   24.991341] cloud-init[1243]: ci-info: +++++++++++++++++++++++++++Route IPv4 info++++++++++++++++++++++++++++
[   24.991473] cloud-init[1243]: ci-info: +-------+-------------+----------+---------------+-----------+-------+
[   24.991654] cloud-init[1243]: ci-info: | Route | Destination | Gateway  |    Genmask    | Interface | Flags |
] Started Initial cloud-init job (metadata service crawler).
[[0;32m  OK  [0m[   24.992902] cloud-init[1243]: ci-info: +-------+-------------+----------+---------------+-----------+-------+
[   26.584262] cloud-init[1243]: ci-info: |   0   |   0.0.0.0   | 10.0.2.2 |    0.0.0.0    |   enp0s3  |   UG  |
[   26.584344] cloud-init[1243]: ci-info: |   1   |   10.0.2.0  | 0.0.0.0  | 255.255.255.0 |   enp0s3  |   U   |
[   26.584419] cloud-init[1243]: ci-info: |   2   |  10.10.10.0 | 0.0.0.0  | 255.255.255.0 |   enp0s8  |   U   |
[   26.584495] cloud-init[1243]: ci-info: |   3   | 192.168.1.0 | 0.0.0.0  | 255.255.255.0 |   enp0s9  |   U   |
[   26.584659] cloud-init[1243]: ci-info: +-------+-------------+----------+---------------+-----------+-------+
] Reached target System Initialization.
         Starting LXD - unix socket.
         Starting Socket activation for snappy daemon.
         Starting Docker Socket for the API.
[[0;32m  OK  [0m] Listening on D-Bus System Message Bus Socket.
[[0;32m  OK  [0m] Started Daily apt download activities.
[[0;32m  OK  [0m] Started Daily apt upgrade and clean activities.
[[0;32m  OK  [0m] Started ACPI Events Check.
[[0;32m  OK  [0m] Reached target Paths.
[[0;32m  OK  [0m] Started Daily Cleanup of Temporary Directories.
[[0;32m  OK  [0m] Reached target Timers.
[[0;32m  OK  [0m] Listening on UUID daemon activation socket.
[[0;32m  OK  [0m] Listening on ACPID Listen Socket.
[[0;32m  OK  [0m] Reached target Cloud-config availability.
[[0;32m  OK  [0m] Reached target Network is Online.
         Starting iSCSI initiator daemon (iscsid)...
[[0;32m  OK  [0m] Listening on LXD - unix socket.
[[0;32m  OK  [0m] Listening on Socket activation for snappy daemon.
[[0;32m  OK  [0m] Listening on Docker Socket for the API.
[[0;32m  OK  [0m] Started iSCSI initiator daemon (iscsid).
         Starting Login to default iSCSI targets...
[[0;32m  OK  [0m] Reached target Sockets.
[[0;32m  OK  [0m] Reached target Basic System.
         Starting Apply the settings specified in cloud-config...
[[0;32m  OK  [0m] Started Unattended Upgrades Shutdown.
         Starting Snappy daemon...
[[0;32m  OK  [0m] Started FUSE filesystem for LXC.
[[0;32m  OK  [0m] Started Deferred execution scheduler.
         Starting Login Service...
         Starting Accounts Service...
[[0;32m  OK  [0m] Started ACPI event daemon.
         Starting LXD - container startup/shutdown...
         Starting OpenBSD Secure Shell server...
[[0;32m  OK  [0m] Started Regular background program processing daemon.
         Starting LSB: MD monitoring daemon...
         Starting Docker Application Container Engine...
         Starting vboxadd.service...
         Starting LSB: Record successful boot for GRUB...
[[0;32m  OK  [0m] Started D-Bus System Message Bus.
         Starting Dynatrace OneAgent...
         Starting /etc/rc.local Compatibility...
         Starting System Logging Service...
[[0;32m  OK  [0m] Started OpenBSD Secure Shell server.
[[0;32m  OK  [0m] Started /etc/rc.local Compatibility.
[[0;32m  OK  [0m] Started LXD - container startup/shutdown.
[[0;32m  OK  [0m] Started System Logging Service.
[[0;32m  OK  [0m] Started Login to default iSCSI targets.
[[0;32m  OK  [0m] Started Snappy daemon.
         Starting Authenticate and Authorize Users to Run Privileged Tasks...
         Starting Wait until snapd is fully seeded...
[[0;32m  OK  [0m] Reached target Remote File Systems (Pre).
[[0;32m  OK  [0m] Reached target Remote File Systems.
         Starting LSB: automatic crash report generation...
         Starting LSB: Set up cgroupfs mounts....
         Starting LSB: Set the CPU Frequency Scaling governor to "ondemand"...
         Starting LSB: daemon to balance interrupts for SMP systems...
         Starting Permit User Sessions...
[[0;32m  OK  [0m] Started LSB: MD monitoring daemon.
[[0;32m  OK  [0m] Started LSB: Record successful boot for GRUB.
[[0;32m  OK  [0m] Started Wait until snapd is fully seeded.
[[0;32m  OK  [0m] Started LSB: Set up cgroupfs mounts..
[[0;32m  OK  [0m] Started Permit User Sessions.
[[0;32m  OK  [0m] Started Login Service.
[[0;32m  OK  [0m] Started Authenticate and Authorize Users to Run Privileged Tasks.
[[0;32m  OK  [0m] Started Accounts Service.
[[0;32m  OK  [0m] Started LSB: automatic crash report generation.
[[0;32m  OK  [0m] Created slice User Slice of vagrant.
         Starting User Manager for UID 1000...
[[0;32m  OK  [0m] Started Session 1 of user vagrant.
         Starting Hold until boot process finishes up...
         Starting Terminate Plymouth Boot Screen...
[[0;32m  OK  [0m] Started User Manager for UID 1000.
[[0;32m  OK  [0m] Started Dynatrace OneAgent.
[[0;32m  OK  [0m] Started LSB: Set the CPU Frequency Scaling governor to "ondemand".
[[0;32m  OK  [0m] Started LSB: daemon to balance interrupts for SMP systems.
[[0;32m  OK  [0m] Started vboxadd.service.
[[0;32m  OK  [0m] Started Hold until boot process finishes up.
[[0;32m  OK  [0m] Started Terminate Plymouth Boot Screen.
         Starting Set console scheme...
[[0;32m  OK  [0m] Started Getty on tty1.
[[0;32m  OK  [0m[   31.517859] cloud-init[1306]: Cloud-init v. 18.2 running 'modules:config' at Fri, 13 Jul 2018 12:01:04 +0000. Up 30.69 seconds.
] Started Serial Getty on ttyS0.
[[0;32m  OK  [0m] Reached target Login Prompts.
         Starting vboxadd-service.service...
[[0;32m  OK  [0m] Started Apply the settings specified in cloud-config.
[[0;32m  OK  [0m] Started Set console scheme.
[[0;32m  OK  [0m] Started vboxadd-service.service.
[[0;32m  OK  [0m] Started Docker Application Container Engine.
[[0;32m  OK  [0m] Reached target Multi-User System.
[[0;32m  OK  [0m] Reached target Graphical Interface.
         Starting Update UTMP about System Runlevel Changes...
         Starting Execute cloud user/final scripts...
[[0;32m  OK  [0m] Started Update UTMP about System Runlevel Changes.
[   36.054605] cloud-init[2055]: Cloud-init v. 18.2 running 'modules:final' at Fri, 13 Jul 2018 12:01:09 +0000. Up 35.92 seconds.
[   36.135166] cloud-init[2055]: Cloud-init v. 18.2 finished at Fri, 13 Jul 2018 12:01:09 +0000. Datasource DataSourceNoCloud [seed=/dev/sdb][dsmode=net].  Up 36.04 seconds

Ubuntu 16.04.4 LTS dynatrace-easytravel-docker ttyS0

dynatrace-easytravel-docker login: 